 |residual|^2 =  3.28571819598586995E-017
 |residual|^2 =  5.84884902905531037E-017
 |residual|^2 =  7.90843549005064098E-017
 |residual|^2 =  6.18773792639479220E-018
 |residual|^2 =  1.06303750325629394E-017
 |residual|^2 =  1.09294301702580132E-017
 |residual|^2 =  4.04404365581251305E-017
 |residual|^2 =  4.05999626198266798E-019
 |residual|^2 =  4.07269342822239133E-018
 |residual|^2 =  5.52550273047131553E-018
 |residual|^2 =  9.62711947164507837E-019
 |residual|^2 =  5.51358376990555140E-017
 |residual|^2 =  3.48790106071061127E-018
 |residual|^2 =  4.55129994795303575E-017
 |residual|^2 =  4.14471283675093576E-017
 |residual|^2 =  8.36346107765163953E-018
 |residual|^2 =  7.32788336923702645E-017
 |residual|^2 =  9.69608328883631260E-017
 |residual|^2 =  1.35683261519066243E-017
 |residual|^2 =  7.49853324831877115E-018
 |residual|^2 =  7.10765782035976269E-017
 |residual|^2 =  8.22321597526530208E-017
 |residual|^2 =  1.01002593027871178E-017
 |residual|^2 =  4.05265332830955441E-017
 |residual|^2 =  6.78850428877258473E-017
