 |residual|^2 =   3.2857181959813962E-017
 |residual|^2 =   5.8488490290576708E-017
 |residual|^2 =   7.9084354900750661E-017
 |residual|^2 =   6.1877379265169347E-018
 |residual|^2 =   1.0630375032238138E-017
 |residual|^2 =   1.0929430171658526E-017
 |residual|^2 =   4.0440436478192610E-017
 |residual|^2 =   4.0599961251518637E-019
 |residual|^2 =   4.0726934507086149E-018
 |residual|^2 =   5.5255067236094794E-018
 |residual|^2 =   9.6273937764380793E-019
 |residual|^2 =   5.5166083994159847E-017
 |residual|^2 =   3.4865188417376065E-018
 |residual|^2 =   4.5473064651590496E-017
 |residual|^2 =   1.8514596669361005E-017
 |residual|^2 =   7.5728209167921783E-017
 |residual|^2 =   3.0200370646616124E-018
 |residual|^2 =   6.4416895942304038E-017
 |residual|^2 =   6.5961597950769357E-017
 |residual|^2 =   2.4647843664654461E-017
 |residual|^2 =   1.0398432651299866E-017
 |residual|^2 =   2.1692925935526653E-017
 |residual|^2 =   5.7585749969103218E-017
 |residual|^2 =   7.6696276602926778E-017
 |residual|^2 =   2.8291210819306120E-017
