 |residual|^2 =   3.2857181959828877E-017
 |residual|^2 =   5.8488490290546978E-017
 |residual|^2 =   7.9084354900605301E-017
 |residual|^2 =   6.1877379265088034E-018
 |residual|^2 =   1.0630375032450692E-017
 |residual|^2 =   1.0929430170683842E-017
 |residual|^2 =   4.0440436498149170E-017
 |residual|^2 =   4.0599960792354102E-019
 |residual|^2 =   4.0726935287415708E-018
 |residual|^2 =   5.5254978945881208E-018
 |residual|^2 =   9.6268860308323969E-019
 |residual|^2 =   5.5100188853814571E-017
 |residual|^2 =   3.4899155563204204E-018
 |residual|^2 =   4.5517092114893000E-017
 |residual|^2 =   3.6359463065118646E-017
 |residual|^2 =   4.7514167577979026E-017
 |residual|^2 =   3.2349334654751183E-018
 |residual|^2 =   2.5517635898171971E-017
 |residual|^2 =   2.1935328640454995E-017
 |residual|^2 =   3.5407637523978421E-018
 |residual|^2 =   5.6362997517828807E-017
 |residual|^2 =   5.6539764787486673E-017
 |residual|^2 =   5.9263699447714038E-018
 |residual|^2 =   1.0614140146002595E-017
 |residual|^2 =   7.0558612615614392E-017
